// Jest Snapshot v1, https://goo.gl/fbAQLP

exports[`CreatePassword Should render CreatePassword 1`] = `
<Route>
  [Function]
</Route>
`;
