// Jest Snapshot v1, https://goo.gl/fbAQLP

exports[`WithAuthorizarion - Unit Test Should render component with default props 1`] = `
<WithAuthorization
  dispatch={[Function]}
  store={
    Object {
      "clearActions": [Function],
      "dispatch": [Function],
      "getActions": [Function],
      "getState": [Function],
      "replaceReducer": [Function],
      "subscribe": [Function],
    }
  }
  storeSubscription={
    Subscription {
      "listeners": Object {
        "notify": [Function],
      },
      "onStateChange": [Function],
      "parentSub": undefined,
      "store": Object {
        "clearActions": [Function],
        "dispatch": [Function],
        "getActions": [Function],
        "getState": [Function],
        "replaceReducer": [Function],
        "subscribe": [Function],
      },
      "unsubscribe": null,
    }
  }
  userData={
    Object {
      "profiles": Array [
        Object {
          "descricao": "master",
          "id": 1,
        },
      ],
    }
  }
/>
`;
