// Jest Snapshot v1, https://goo.gl/fbAQLP

exports[`Order Should render Order 1`] = `
<styled.div>
  <SvgIcon
    name="emptyGrid"
  />
  <styled.p>
    O funcionário ainda não utilizou o cartão. Compras e recargas aparecerão listadas aqui!
  </styled.p>
  <styled.div />
</styled.div>
`;
