// Jest Snapshot v1, https://goo.gl/fbAQLP

exports[`ReportDatePicker Container Component should render it 1`] = `
<styled.div>
  <withStyles(DateRangePicker)
    anchorDirection="left"
    appendToBody={false}
    block={false}
    calendarInfoPosition="bottom"
    canEditPeriod={true}
    customArrowIcon={null}
    customCloseIcon={null}
    customInputIcon={null}
    datepickerOpen={true}
    dayAriaLabelFormat={undefined}
    daySize={39}
    disableScroll={false}
    disabled={false}
    displayFormat={[Function]}
    enableOutsideDays={false}
    endDate={null}
    endDateId="undefined_end_date"
    endDateOffset={undefined}
    endDatePlaceholderText="End Date"
    firstDayOfWeek={0}
    focusedInput="startDate"
    hideKeyboardShortcutsPanel={true}
    hmacnatalMargin={0}
    hmacnatalMonthPadding={undefined}
    initialVisibleMonth={null}
    inputIconPosition="before"
    isDayBlocked={[Function]}
    isDayHighlighted={[Function]}
    isOutsideRange={[Function]}
    isRTL={false}
    keepFocusOnInput={false}
    keepOpenOnDateSelect={false}
    minimumNights={0}
    monthFormat="MMMM YYYY"
    navNext={null}
    navPrev={null}
    noBorder={false}
    numberOfMonths={2}
    onClose={[Function]}
    onDatesChange={[Function]}
    onFocusChange={[Function]}
    onNextMonthClick={[Function]}
    onPrevMonthClick={[Function]}
    openDirection="down"
    orientation="hmacnatal"
    phrases={
      Object {
        "calendarLabel": "Calendar",
        "chooseAvailableEndDate": [Function],
        "chooseAvailableStartDate": [Function],
        "clearDates": "Clear Dates",
        "closeDatePicker": "Close",
        "dateIsSelected": [Function],
        "dateIsSelectedAsEndDate": [Function],
        "dateIsSelectedAsStartDate": [Function],
        "dateIsUnavailable": [Function],
        "enterKey": "Enter key",
        "escape": "Escape key",
        "focusStartDate": "Interact with the calendar and add the check-in date for your trip.",
        "hideKeyboardShortcutsPanel": "Close the shortcuts panel.",
        "homeEnd": "Home and end keys",
        "jumpToNextMonth": "Move forward to switch to the next month.",
        "jumpToPrevMonth": "Move backward to switch to the previous month.",
        "keyboardNavigationInstructions": "Press the down arrow key to interact with the calendar and
  select a date. Press the question mark key to get the keyboard shortcuts for changing dates.",
        "keyboardShortcuts": "Keyboard Shortcuts",
        "leftArrowRightArrow": "Right and left arrow keys",
        "moveFocusByOneDay": "Move backward (left) and forward (right) by one day.",
        "moveFocusByOneMonth": "Switch months.",
        "moveFocusByOneWeek": "Move backward (up) and forward (down) by one week.",
        "moveFocustoStartAndEndOfWeek": "Go to the first or last day of a week.",
        "openThisPanel": "Open this panel.",
        "pageUpPageDown": "page up and page down keys",
        "questionMark": "Question mark",
        "returnFocusToInput": "Return to the date input field.",
        "selectFocusedDate": "Select the date in focus.",
        "showKeyboardShortcutsPanel": "Open the keyboard shortcuts panel.",
        "upArrowDownArrow": "up and down arrow keys",
      }
    }
    readOnly={false}
    regular={false}
    renderCalendarDay={undefined}
    renderCalendarInfo={[Function]}
    renderDayContents={null}
    renderMonthElement={null}
    renderMonthText={null}
    reopenPickerOnClearDates={false}
    required={false}
    screenReaderInputMessage=""
    showClearDates={false}
    showDefaultInputIcon={false}
    small={false}
    startDate={null}
    startDateId="undefined_start_date"
    startDateOffset={undefined}
    startDatePlaceholderText="Start Date"
    transitionDuration={undefined}
    valueList={
      Array [
        "1",
        "2",
        "3",
      ]
    }
    verticalHeight={null}
    verticalSpacing={22}
    weekDayFormat="dd"
    withFullScreenPortal={false}
    withPortal={false}
  />
</styled.div>
`;
